## $ npm --prefix product-sdk run validate:reference-app [exit=0]

> @cord-network/product-sdk-workspace@0.9.9 validate:reference-app
> node --experimental-strip-types examples/festival/bootstrap.ts

{"schema":"cord.reference-app-bootstrap.v1","application_id":"festival-reference","status":"pass","checks":{"scoped_permission":true,"host_owned_active_consent":true,"missing_consent_rejected":true,"consent_revocation_rejected":true,"expiry_rejected":true,"revoke_before_sign":true,"cancellation_propagated":true,"caller_transport_routes":{"finalized_reads":1,"submissions":2},"migrated_domain_native_only":true}}

## $ npm --prefix product-sdk run test:host [exit=0]

> @cord-network/product-sdk-workspace@0.9.9 test:host
> node --experimental-strip-types --test tests/host/*.test.ts

TAP version 13
# Subtest: new attestation methods have exact payload and finality contracts
ok 1 - new attestation methods have exact payload and finality contracts
  ---
  duration_ms: 2.926791
  type: 'test'
  ...
# Subtest: finalized Host stream decodes and filters native Attestation events
ok 2 - finalized Host stream decodes and filters native Attestation events
  ---
  duration_ms: 1.347625
  type: 'test'
  ...
# Subtest: finalized Host stream decodes every native Attestation event variant
ok 3 - finalized Host stream decodes every native Attestation event variant
  ---
  duration_ms: 0.299291
  type: 'test'
  ...
# Subtest: all native DotNS methods have exact finality and executable Host routes
ok 4 - all native DotNS methods have exact finality and executable Host routes
  ---
  duration_ms: 6.299083
  type: 'test'
  ...
# Subtest: finalized Host stream decodes every native DotNS event and its stable outcome
ok 5 - finalized Host stream decodes every native DotNS event and its stable outcome
  ---
  duration_ms: 1.912875
  type: 'test'
  ...
# Subtest: descriptor-shaped DotNS bytes reject invalid UTF-8
ok 6 - descriptor-shaped DotNS bytes reject invalid UTF-8
  ---
  duration_ms: 0.2925
  type: 'test'
  ...
# Subtest: finalized Host stream ignores non-DotNS and filters by requested kind
ok 7 - finalized Host stream ignores non-DotNS and filters by requested kind
  ---
  duration_ms: 0.384
  type: 'test'
  ...
# Subtest: registered hostile suite executes typed outcomes
ok 8 - registered hostile suite executes typed outcomes
  ---
  duration_ms: 3.470125
  type: 'test'
  ...
# Subtest: host-owned consent rejects missing and revoked records
ok 9 - host-owned consent rejects missing and revoked records
  ---
  duration_ms: 0.183958
  type: 'test'
  ...
# Subtest: grant and consent issuance reject unknown exact scopes with Rust parity
ok 10 - grant and consent issuance reject unknown exact scopes with Rust parity
  ---
  duration_ms: 0.208541
  type: 'test'
  ...
# Subtest: deferred cancellation wins once and late transport cannot callback
ok 11 - deferred cancellation wins once and late transport cannot callback
  ---
  duration_ms: 4.999083
  type: 'test'
  ...
# Subtest: revocation is checked before signer and between signer and transport
ok 12 - revocation is checked before signer and between signer and transport
  ---
  duration_ms: 4.134625
  type: 'test'
  ...
# Subtest: candidate network requires explicit opt-in and production mode rejects PENDING activation
ok 13 - candidate network requires explicit opt-in and production mode rejects PENDING activation
  ---
  duration_ms: 0.416083
  type: 'test'
  ...
# Subtest: every thrown error serializes to native-error-v1 shape
ok 14 - every thrown error serializes to native-error-v1 shape
  ---
  duration_ms: 0.357708
  type: 'test'
  ...
# Subtest: host JSON contract is method-discriminated, recursively closed and exactly runtime-bound
ok 15 - host JSON contract is method-discriminated, recursively closed and exactly runtime-bound
  ---
  duration_ms: 0.832333
  type: 'test'
  ...
# Subtest: duplicate and concurrent request IDs fail before a second signer or transport
ok 16 - duplicate and concurrent request IDs fail before a second signer or transport
  ---
  duration_ms: 1.326375
  type: 'test'
  ...
# Subtest: manual Draft-2020-12 boundary rejects malformed fields
ok 17 - manual Draft-2020-12 boundary rejects malformed fields
  ---
  duration_ms: 0.653084
  type: 'test'
  ...
# Subtest: typed adapter executes a read at one exact finalized hash
ok 18 - typed adapter executes a read at one exact finalized hash
  ---
  duration_ms: 2.150584
  type: 'test'
  ...
# Subtest: metadata-derived submission resolves only after typed finalization evidence
ok 19 - metadata-derived submission resolves only after typed finalization evidence
  ---
  duration_ms: 0.807792
  type: 'test'
  ...
# Subtest: runtime drift fails closed before a typed read executes
ok 20 - runtime drift fails closed before a typed read executes
  ---
  duration_ms: 0.328292
  type: 'test'
  ...
# Subtest: host cancellation aborts and closes an in-flight typed transaction stream
ok 21 - host cancellation aborts and closes an in-flight typed transaction stream
  ---
  duration_ms: 4.56875
  type: 'test'
  ...
# Subtest: typed client failures map to the stable product error vocabulary
ok 22 - typed client failures map to the stable product error vocabulary
  ---
  duration_ms: 0.4165
  type: 'test'
  ...
# Subtest: every provider Drive and S3 event decodes to one stable kind
ok 23 - every provider Drive and S3 event decodes to one stable kind
  ---
  duration_ms: 4.601667
  type: 'test'
  ...
# Subtest: fake finalized source filters kinds and emits deterministic outcomes
ok 24 - fake finalized source filters kinds and emits deterministic outcomes
  ---
  duration_ms: 2.209041
  type: 'test'
  ...
# Subtest: shared provider deletion vector survives TS descriptor decoding exactly
ok 25 - shared provider deletion vector survives TS descriptor decoding exactly
  ---
  duration_ms: 0.752792
  type: 'test'
  ...
1..25
# tests 25
# suites 0
# pass 25
# fail 0
# cancelled 0
# skipped 0
# todo 0
# duration_ms 214.4885
