exit=0
command=CARGO_TARGET_DIR=target/evidence-v4 cargo test -p pallet-bulletin-transaction-storage migration_v6_to_v7 -- --nocapture
assertion=BOTH-PARTIAL-BAD-COUNTER:9b43720b084399b58142004ff44d360d715c76e07406650ab902522a87f75329
assertion=BUL-V7-BY-HASH:73f506cf4ddd37b8514e97c501b333fbf541505180394f8c747efbdc8e894c5b
assertion=BUL-V7-BY-REF:bfec37aca7f46ee850deee290283d1d8507bc3321a8817a16e85c97b66b2c348
assertion=BUL-V7-COMMIT:a204e8c636dffdcec665a3eb23edb56b7efa4606082cb833f47bdab8bed657cb
assertion=BUL-V7-LINK-COUNT:bfe1dd486bd33f09c4c9bfd9056fad6d4a41800baaa3aee4106b320ccde2d4e4
assertion=BUL-V7-PREFLIGHT:e7bb166232a07846fb79294e72b70321a1339c2a2672568d15ffd28feabf15c9
assertion=BUL-V7-PRESERVE:afa25b5be98f33a9a2386161b0b22c4f13c121ad613b9fe72caf1d61f22fcdf4
assertion=BUL-V7-READS:e382a8792eb6145d0a050d3fe1f2ce5c2dc0e2b2204244798d6df338711fee45
assertion=BUL-V7-ROW-COUNT:9531dd4ece1041a7e65700a86ab635e25cc7afa3b0e4fc95f5056a013781d318
assertion=BUL-V7-TRY-STATE:0ac4e2ed7f8f52c2955b31762166024ac77fcc40a19494cc33e932267b515845
assertion=BUL-V7-WRITES:cbc595bf295644b4e08ee0d54964338f4dc62f19cd2d6e81ae93ab34c272ca2d
assertion=EMPTY:9b43720b084399b58142004ff44d360d715c76e07406650ab902522a87f75329
assertion=HASH-DUPLICATE:9b43720b084399b58142004ff44d360d715c76e07406650ab902522a87f75329
assertion=HASH-MISSING:9b43720b084399b58142004ff44d360d715c76e07406650ab902522a87f75329
assertion=HASH-PARTIAL:9b43720b084399b58142004ff44d360d715c76e07406650ab902522a87f75329
assertion=HASH-STALE:9b43720b084399b58142004ff44d360d715c76e07406650ab902522a87f75329
assertion=HISTORICAL-4C:9b43720b084399b58142004ff44d360d715c76e07406650ab902522a87f75329
assertion=HISTORICAL-640:9b43720b084399b58142004ff44d360d715c76e07406650ab902522a87f75329
assertion=MAX-VALID:9b43720b084399b58142004ff44d360d715c76e07406650ab902522a87f75329
assertion=REF-DUPLICATE:9b43720b084399b58142004ff44d360d715c76e07406650ab902522a87f75329
assertion=REF-MISSING:9b43720b084399b58142004ff44d360d715c76e07406650ab902522a87f75329
assertion=REF-PARTIAL:9b43720b084399b58142004ff44d360d715c76e07406650ab902522a87f75329
assertion=REF-STALE:9b43720b084399b58142004ff44d360d715c76e07406650ab902522a87f75329
running 8 tests
test result: ok. 8 passed; 0 failed; 0 ignored; 0 measured; 159 filtered out; finished
