exit=0
command=CARGO_TARGET_DIR=target/evidence-v4 SKIP_WASM_BUILD=1 cargo test -p origin-orbis-runtime --lib tests::remediation_v3::tests::inspector_is_fixed_stack_bounded_and_enforces_grammar -- --exact --nocapture
assertion=INGRESS-AS-DERIVATIVE:8d0e9e164c029612daa3ca4feacda3890a18a49d201d12fa2c978198cab08374
assertion=INGRESS-AUTHORIZED:8d0e9e164c029612daa3ca4feacda3890a18a49d201d12fa2c978198cab08374
assertion=INGRESS-DIRECT:8d0e9e164c029612daa3ca4feacda3890a18a49d201d12fa2c978198cab08374
assertion=INGRESS-DISPATCH-AS:8d0e9e164c029612daa3ca4feacda3890a18a49d201d12fa2c978198cab08374
assertion=INGRESS-MULTIPLE:8d0e9e164c029612daa3ca4feacda3890a18a49d201d12fa2c978198cab08374
assertion=INGRESS-MULTISIG-APPROVE:8d0e9e164c029612daa3ca4feacda3890a18a49d201d12fa2c978198cab08374
assertion=INGRESS-MULTISIG-AS-MULTI:8d0e9e164c029612daa3ca4feacda3890a18a49d201d12fa2c978198cab08374
assertion=INGRESS-MULTISIG-THRESHOLD1:8d0e9e164c029612daa3ca4feacda3890a18a49d201d12fa2c978198cab08374
assertion=INGRESS-NESTED:8d0e9e164c029612daa3ca4feacda3890a18a49d201d12fa2c978198cab08374
assertion=INGRESS-OPAQUE:8d0e9e164c029612daa3ca4feacda3890a18a49d201d12fa2c978198cab08374
assertion=INGRESS-PAYERLESS:8d0e9e164c029612daa3ca4feacda3890a18a49d201d12fa2c978198cab08374
assertion=INGRESS-PROXY-ANNOUNCED:8d0e9e164c029612daa3ca4feacda3890a18a49d201d12fa2c978198cab08374
assertion=INGRESS-PROXY:8d0e9e164c029612daa3ca4feacda3890a18a49d201d12fa2c978198cab08374
assertion=INGRESS-REVIVE:8d0e9e164c029612daa3ca4feacda3890a18a49d201d12fa2c978198cab08374
assertion=INGRESS-SCHEDULER:8d0e9e164c029612daa3ca4feacda3890a18a49d201d12fa2c978198cab08374
assertion=INGRESS-SUDO:8d0e9e164c029612daa3ca4feacda3890a18a49d201d12fa2c978198cab08374
assertion=INGRESS-UTILITY-BATCH-ALL:8d0e9e164c029612daa3ca4feacda3890a18a49d201d12fa2c978198cab08374
assertion=INGRESS-UTILITY-BATCH:8d0e9e164c029612daa3ca4feacda3890a18a49d201d12fa2c978198cab08374
assertion=INGRESS-UTILITY-FORCE-BATCH:8d0e9e164c029612daa3ca4feacda3890a18a49d201d12fa2c978198cab08374
assertion=INGRESS-XCM:8d0e9e164c029612daa3ca4feacda3890a18a49d201d12fa2c978198cab08374
assertion=META-BOUND-BYTES:e40645596f37908b272c33fb7ad86626302cc02d64da9d507184782798066b9c
assertion=META-BOUND-CALLS:6120c6d724d322207a2b9a0289e7e883a963afdcdab77eb5db934df243202d78
assertion=META-BOUND-DEPTH:d31e01edbf7e1d85c4647f4e0b8f15e43d0087da48acf8d74b823d55e072d0b9
assertion=META-INSPECTOR:f280e8bb318c985339573638bdc4e7f19446582df49c03ff118f06f201cc073e
test result: ok. 1 passed; 0 failed; 0 ignored; 0 measured; 64 filtered out; finished
test tests::remediation_v3::tests::inspector_is_fixed_stack_bounded_and_enforces_grammar ... ok
