exit=0
command=CARGO_TARGET_DIR=target/evidence-v4 SKIP_WASM_BUILD=1 cargo test -p origin-orbis-runtime --lib meta_v6_fixtures::checked_in_meta_v7_fixtures_decode_all_recompute_and_match_hashes -- --exact --nocapture
assertion=META-ALIAS-VERIFY-CONSUME:9d5bde2437bbc88808ba1c8ddb8dd1211d18891de79af368719cc039b6377325
assertion=META-COMPAT-SCHEMA:ae710bcb0f3f541db842272bc879cfffeb70c4317f8846678e9052640fccc52d
assertion=META-COMPAT-SPEC:57ba5daba0b071b2763b071bb8fecca6e535b36d3d4b3b49cceb9fd717dee311
assertion=META-COMPAT-TX:bd8f66658d740abae5db01a67feccc0465950ee68ab9a82857bacb8b934d0ff0
assertion=META-INTENT-CALL:3ce05367ffbbbf606e94ee88865f2a6f79f73a0be98e1adc8518e3dc12b1132a
assertion=META-INTENT-COMMITMENT:4fd9f95a795e56df11d5fd40517e1777e2ad458fe2fbbdfb61c7dec37948d53b
assertion=META-INTENT-DOMAIN:b3bc1fee5d62aa51ed36cf6d058d4423238946e8ac03966ad842a5ace77d2bb0
assertion=META-INTENT-EXTENSION:b7dbd94491238dcdce9910ca9bdfbe6aa0e116de55eb2e549e2a390a37dd31fc
assertion=META-INTENT-GENESIS:d68f4eb0505b5fa393b31405cdb7925ceaae56480bd8548d710b941e27f63dc1
assertion=META-INTENT-METADATA:f95c55c27a04aad26fac9fe20b268458cfa7755f8f2224f98375664d2fb5e885
assertion=META-INTENT-MORTALITY:2b18339675891662b2900b52b4b00c95943a316eb48b626dce57e2a4af7d3523
assertion=META-INTENT-NONCE:78377b525757b494427f89014f97d79928f3938d14eb51e20fb5dec9834eb304
assertion=META-INTENT-POLICY:856c10354f3215ff6f5c0519494d7405d73152e5ab7d86f5b9d5549b735f3c4f
assertion=META-INTENT-SIGNER:e85a2ccf843441678a7d809acaaa6abcc1926ab5d2739fc6b84781329caf791d
assertion=META-INTENT-SPEC:6d3223d2271ed5a4094ce4503f5d742fc4f914d2bf6bbfeffb3d80e667434b9a
assertion=META-INTENT-STORAGE:9165bf287d5f67bde6c553df536517a4df588e14c7955c1350717dc96303dab7
assertion=META-INTENT-TX:f398577a4ffee86533165a50d52ae9a531459c68f1247de30efc52a32d8dd607
assertion=ROUTER-LITE-ALIAS-REVISED:2e2e4170dc5b319b3d0ee5bace0181efdb10b919b27ded5327f80307ec5b4ecb
assertion=ROUTER-LITE-ALIAS:535fc9a604e7b6ef7da5212a6a049f0c57de969d2811193e476c87e8417ee7f5
assertion=ROUTER-LITE-PERSON:92f94a3e0e5e529b9fec2fcfd692a7368ac01f721a341ff4d5c628ccbb737c7b
assertion=ROUTER-PERSON-ALIAS-REVISED:0b787d656c8250cf74d8446bca52decc863b9e63925754cf1f6133d8e775a7c0
assertion=ROUTER-PERSON-ALIAS:d053536a7c80e2b8b9bdb3af92601be570795d84cfc2dfc1ec13954cd871c4fc
assertion=ROUTER-PERSON-IDENTITY:f037d83c1d48bba627f7156780171b32884d4fcca3a1218040a31add6feb5fd5
assertion=ROUTER-RESOURCES-CLAIM:771686bdbfe30b3e150b6b8c56ee2e1047fb5a42e64189a4349275e6846d10d0
assertion=VECTOR-DIRECT-BASELINE:0462bea20eb38f2d1d2297f12397e1f4bd5612870a98701f2a7404f57de0a1b0
assertion=VECTOR-INTENT-COMMITMENT:16beb808b13a39310ea55a611c7bdc59a15862c045a24a8840f7e7ea8bf55a52
assertion=VECTOR-INTENT-PREIMAGE:7e36786aeec4cd968ae4fac7ec82a38c4dfe47f821ac634b9628fbe0fb59e494
assertion=VECTOR-MAX-ENVELOPE:9854d97f9a0019114351013e23cf51457cfbeaef19954df7cdce848a557b3367
assertion=VECTOR-META-CANONICAL:2933591a6e3def9cc25c3a6d5ea3de8ca8400ec26a3d8ae01eb0729195ba5b0f
assertion=VECTOR-MUTATE-CALL:7040ec7be3919b54491a53a37901853b3a50bf4a4a3f49f6f043750878f486ae
assertion=VECTOR-MUTATE-DOMAIN:4881ff040e09af2460119f0120f30c70862261416f827a90ab25f39e12c1c3d3
assertion=VECTOR-MUTATE-GENESIS:10788b90b92c464e0ffca04a19610bfdfaef76560b644f5af39ad6543c696f18
assertion=VECTOR-MUTATE-METADATA:521e9f1d9753b9e356e15af0e5e63f3b1c6d861e71967cbc0595e1a269031681
assertion=VECTOR-MUTATE-MORTALITY:94c0cb7cba67f2baaad38e6d9e9b4024182d15a7ade08b688cac863a14b15c8d
assertion=VECTOR-MUTATE-NONCE:b7a180d07889e0e7b7610e61a5bd3fed81a45b955e3dafcf2caa144cf3c7844e
assertion=VECTOR-MUTATE-POLICY:508f39f333178fe8d32eeaf3554b171f5f1e3352988cd0dcc6fb7af2ed555dd4
assertion=VECTOR-MUTATE-SIGNER:766980e8b4d9cfeb90948ebc68a3d5153a675690e7a7505379e6edf3578f2a41
assertion=VECTOR-MUTATE-SPEC:4cff5f5ea390321e04d4b019472d42ae05d01d8abf2c18eeb064076e1a37b645
assertion=VECTOR-MUTATE-STORAGE:b62df2ff2a308bbef7a5b7424731b712f07b94c4678c4b2e82cc23ee8e693f4a
assertion=VECTOR-MUTATE-TX:b05f355ab93243622f90cd6eac8d29cc1ef89d72ba4ccf19b2420a8fed637259
assertion=VECTOR-PAID-TOKEN-KEY:7cd42dd3630877c968da1bdd395026cf86929802664d29af13cef19c7cb454de
assertion=VECTOR-SPEC26-NEGATIVE:99e783312fec84b4f95ddcaa04e7865f3a83a84e6d0d1bd658750ea1e13236ed
test meta_v6_fixtures::checked_in_meta_v7_fixtures_decode_all_recompute_and_match_hashes ... ok
test result: ok. 1 passed; 0 failed; 0 ignored; 0 measured; 63 filtered out; finished
